2026-05-22 01:20:18,692 - INFO - Model Configuration:
2026-05-22 01:20:18,692 - INFO -   alpha                = 0.2
2026-05-22 01:20:18,692 - INFO -   dropout              = 0.5
2026-05-22 01:20:18,692 - INFO -   embedding_dim        = 200
2026-05-22 01:20:18,692 - INFO -   filtering            = True
2026-05-22 01:20:18,692 - INFO -   lambdax              = 2
2026-05-22 01:20:18,692 - INFO -   oracle_mode          = hard
2026-05-22 01:20:18,692 - INFO - Training Configuration:
2026-05-22 01:20:18,692 - INFO -   batch_size           = 1024
2026-05-22 01:20:18,692 - INFO -   dataset_name         = YAGO
2026-05-22 01:20:18,692 - INFO -   lr                   = 0.001
2026-05-22 01:20:18,692 - INFO -   max_epochs           = 30
2026-05-22 01:20:18,692 - INFO -   oracle_epochs        = 20
2026-05-22 01:20:18,692 - INFO -   oracle_lr            = 0.001
2026-05-22 01:20:18,692 - INFO -   seed                 = 987
2026-05-22 01:20:18,692 - INFO -   use_seed             = True
2026-05-22 01:20:18,692 - INFO -   valid_epochs         = 5
2026-05-22 01:20:18,692 - INFO -   weight_decay         = 1e-05
2026-05-22 01:20:18,693 - INFO - System Configuration:
2026-05-22 01:20:18,693 - INFO -   dataset              = YAGO
2026-05-22 01:20:18,693 - INFO -   gpu_id               = 0
2026-05-22 01:20:18,693 - INFO -   model_dir            = 
2026-05-22 01:20:18,693 - INFO -   only_eva             = False
2026-05-22 01:20:18,693 - INFO -   only_oracle          = False
2026-05-22 01:20:18,693 - INFO -   save_dir             = SAVE
2026-05-22 01:20:18,693 - INFO -   use_cuda             = True
2026-05-22 01:20:18,693 - INFO - 
2026-05-22 01:20:18,693 - INFO - Model Information:
2026-05-22 01:20:18,693 - INFO -   Total Parameters: 5,056,801
2026-05-22 01:20:18,693 - INFO -   Trainable Parameters: 5,056,801
2026-05-22 01:20:18,698 - INFO -   GPU Memory Reserved:  0.66 GB
2026-05-22 01:20:18,698 - INFO -   GPU Memory Allocated: 0.59 GB
2026-05-22 01:20:18,698 - INFO -   GPU Memory Peak:      0.59 GB
2026-05-22 01:20:18,698 - INFO - Epoch 1/30
2026-05-22 01:20:27,008 - INFO - [TRAIN] Epoch 1: Loss = 5.923944 (Time: 8.31s)
2026-05-22 01:20:27,021 - INFO - [VRAM] Peak: 0.70GB | Reserved: 0.79GB
2026-05-22 01:20:27,021 - INFO - Epoch 2/30
2026-05-22 01:20:35,369 - INFO - [TRAIN] Epoch 2: Loss = 5.812930 (Time: 8.35s)
2026-05-22 01:20:35,384 - INFO - [VRAM] Peak: 0.70GB | Reserved: 0.79GB
2026-05-22 01:20:35,384 - INFO - Epoch 3/30
2026-05-22 01:20:43,301 - INFO - [TRAIN] Epoch 3: Loss = 5.769310 (Time: 7.92s)
2026-05-22 01:20:43,316 - INFO - [VRAM] Peak: 0.70GB | Reserved: 0.79GB
2026-05-22 01:20:43,316 - INFO - Epoch 4/30
2026-05-22 01:20:51,473 - INFO - [TRAIN] Epoch 4: Loss = 5.742529 (Time: 8.16s)
2026-05-22 01:20:51,488 - INFO - [VRAM] Peak: 0.70GB | Reserved: 0.79GB
2026-05-22 01:20:51,488 - INFO - Epoch 5/30
2026-05-22 01:20:59,708 - INFO - [TRAIN] Epoch 5: Loss = 5.721124 (Time: 8.22s)
2026-05-22 01:20:59,723 - INFO - [VRAM] Peak: 0.70GB | Reserved: 0.79GB
2026-05-22 01:20:59,723 - INFO - [VALIDATION] Epoch 5
