2026-05-22 01:18:13,986 - INFO - Model Configuration:
2026-05-22 01:18:13,986 - INFO -   alpha                = 0.2
2026-05-22 01:18:13,986 - INFO -   dropout              = 0.5
2026-05-22 01:18:13,986 - INFO -   embedding_dim        = 200
2026-05-22 01:18:13,986 - INFO -   filtering            = True
2026-05-22 01:18:13,986 - INFO -   lambdax              = 2
2026-05-22 01:18:13,986 - INFO -   oracle_mode          = hard
2026-05-22 01:18:13,986 - INFO - Training Configuration:
2026-05-22 01:18:13,986 - INFO -   batch_size           = 1024
2026-05-22 01:18:13,986 - INFO -   dataset_name         = YAGO
2026-05-22 01:18:13,986 - INFO -   lr                   = 0.001
2026-05-22 01:18:13,986 - INFO -   max_epochs           = 30
2026-05-22 01:18:13,986 - INFO -   oracle_epochs        = 20
2026-05-22 01:18:13,986 - INFO -   oracle_lr            = 0.001
2026-05-22 01:18:13,986 - INFO -   seed                 = 987
2026-05-22 01:18:13,986 - INFO -   use_seed             = True
2026-05-22 01:18:13,986 - INFO -   valid_epochs         = 5
2026-05-22 01:18:13,986 - INFO -   weight_decay         = 1e-05
2026-05-22 01:18:13,986 - INFO - System Configuration:
2026-05-22 01:18:13,986 - INFO -   dataset              = YAGO
2026-05-22 01:18:13,986 - INFO -   gpu_id               = 0
2026-05-22 01:18:13,986 - INFO -   model_dir            = 
2026-05-22 01:18:13,986 - INFO -   only_eva             = False
2026-05-22 01:18:13,986 - INFO -   only_oracle          = False
2026-05-22 01:18:13,986 - INFO -   save_dir             = SAVE
2026-05-22 01:18:13,986 - INFO -   use_cuda             = True
2026-05-22 01:18:13,986 - INFO - 
2026-05-22 01:18:13,986 - INFO - Model Information:
2026-05-22 01:18:13,987 - INFO -   Total Parameters: 5,056,801
2026-05-22 01:18:13,987 - INFO -   Trainable Parameters: 5,056,801
2026-05-22 01:18:13,987 - INFO -   GPU Memory Reserved:  0.02 GB
2026-05-22 01:18:13,987 - INFO -   GPU Memory Allocated: 0.02 GB
2026-05-22 01:18:13,987 - INFO -   GPU Memory Peak:      0.02 GB
2026-05-22 01:18:13,988 - INFO - Epoch 1/30
2026-05-22 01:18:22,199 - INFO - [TRAIN] Epoch 1: Loss = 5.923944 (Time: 8.21s)
2026-05-22 01:18:22,213 - INFO - [VRAM] Peak: 0.15GB | Reserved: 0.25GB
2026-05-22 01:18:22,213 - INFO - Epoch 2/30
2026-05-22 01:18:30,310 - INFO - [TRAIN] Epoch 2: Loss = 5.812930 (Time: 8.10s)
2026-05-22 01:18:30,324 - INFO - [VRAM] Peak: 0.15GB | Reserved: 0.25GB
2026-05-22 01:18:30,324 - INFO - Epoch 3/30
2026-05-22 01:18:38,204 - INFO - [TRAIN] Epoch 3: Loss = 5.769310 (Time: 7.88s)
2026-05-22 01:18:38,218 - INFO - [VRAM] Peak: 0.15GB | Reserved: 0.25GB
2026-05-22 01:18:38,218 - INFO - Epoch 4/30
2026-05-22 01:18:46,005 - INFO - [TRAIN] Epoch 4: Loss = 5.742529 (Time: 7.79s)
2026-05-22 01:18:46,019 - INFO - [VRAM] Peak: 0.15GB | Reserved: 0.25GB
2026-05-22 01:18:46,019 - INFO - Epoch 5/30
2026-05-22 01:18:53,870 - INFO - [TRAIN] Epoch 5: Loss = 5.721124 (Time: 7.85s)
2026-05-22 01:18:53,884 - INFO - [VRAM] Peak: 0.15GB | Reserved: 0.25GB
2026-05-22 01:18:53,884 - INFO - [VALIDATION] Epoch 5
