2026-05-22 01:33:10,396 - INFO - Model Configuration:
2026-05-22 01:33:10,396 - INFO -   alpha                = 0.2
2026-05-22 01:33:10,397 - INFO -   dropout              = 0.5
2026-05-22 01:33:10,397 - INFO -   embedding_dim        = 200
2026-05-22 01:33:10,397 - INFO -   filtering            = True
2026-05-22 01:33:10,397 - INFO -   lambdax              = 2
2026-05-22 01:33:10,397 - INFO -   oracle_mode          = hard
2026-05-22 01:33:10,397 - INFO - Training Configuration:
2026-05-22 01:33:10,397 - INFO -   batch_size           = 1024
2026-05-22 01:33:10,397 - INFO -   dataset_name         = YAGO
2026-05-22 01:33:10,397 - INFO -   lr                   = 0.001
2026-05-22 01:33:10,397 - INFO -   max_epochs           = 30
2026-05-22 01:33:10,397 - INFO -   oracle_epochs        = 20
2026-05-22 01:33:10,397 - INFO -   oracle_lr            = 0.001
2026-05-22 01:33:10,397 - INFO -   seed                 = 987
2026-05-22 01:33:10,397 - INFO -   use_seed             = True
2026-05-22 01:33:10,397 - INFO -   valid_epochs         = 5
2026-05-22 01:33:10,397 - INFO -   weight_decay         = 1e-05
2026-05-22 01:33:10,397 - INFO - System Configuration:
2026-05-22 01:33:10,397 - INFO -   dataset              = YAGO
2026-05-22 01:33:10,397 - INFO -   gpu_id               = 0
2026-05-22 01:33:10,397 - INFO -   model_dir            = 
2026-05-22 01:33:10,397 - INFO -   only_eva             = False
2026-05-22 01:33:10,397 - INFO -   only_oracle          = False
2026-05-22 01:33:10,397 - INFO -   save_dir             = SAVE
2026-05-22 01:33:10,397 - INFO -   use_cuda             = True
2026-05-22 01:33:10,397 - INFO - 
2026-05-22 01:33:10,397 - INFO - Model Information:
2026-05-22 01:33:10,397 - INFO -   Total Parameters: 5,056,801
2026-05-22 01:33:10,397 - INFO -   Trainable Parameters: 5,056,801
2026-05-22 01:33:10,415 - INFO -   GPU Memory Reserved:  0.78 GB
2026-05-22 01:33:10,415 - INFO -   GPU Memory Allocated: 0.59 GB
2026-05-22 01:33:10,415 - INFO -   GPU Memory Peak:      0.59 GB
2026-05-22 01:33:10,415 - INFO - Epoch 1/30
2026-05-22 01:33:17,387 - INFO - [TRAIN] Epoch 1: Loss = 5.923944 (Time: 6.97s)
2026-05-22 01:33:17,402 - INFO - [VRAM] Peak: 0.70GB | Reserved: 0.82GB
2026-05-22 01:33:17,402 - INFO - Epoch 2/30
2026-05-22 01:33:24,269 - INFO - [TRAIN] Epoch 2: Loss = 5.812930 (Time: 6.87s)
2026-05-22 01:33:24,285 - INFO - [VRAM] Peak: 0.70GB | Reserved: 0.82GB
2026-05-22 01:33:24,286 - INFO - Epoch 3/30
2026-05-22 01:33:30,488 - INFO - [TRAIN] Epoch 3: Loss = 5.769310 (Time: 6.20s)
2026-05-22 01:33:30,503 - INFO - [VRAM] Peak: 0.70GB | Reserved: 0.82GB
2026-05-22 01:33:30,504 - INFO - Epoch 4/30
2026-05-22 01:33:37,369 - INFO - [TRAIN] Epoch 4: Loss = 5.742529 (Time: 6.86s)
2026-05-22 01:33:37,384 - INFO - [VRAM] Peak: 0.70GB | Reserved: 0.82GB
2026-05-22 01:33:37,385 - INFO - Epoch 5/30
2026-05-22 01:33:44,166 - INFO - [TRAIN] Epoch 5: Loss = 5.721124 (Time: 6.78s)
2026-05-22 01:33:44,182 - INFO - [VRAM] Peak: 0.70GB | Reserved: 0.82GB
2026-05-22 01:33:44,182 - INFO - [VALIDATION] Epoch 5
2026-05-22 01:33:49,873 - INFO -   [No Oracle Filtering]
2026-05-22 01:33:49,874 - INFO -     Subject test MRR (lk): 0.834115
2026-05-22 01:33:49,874 - INFO -     Subject test MR (lk): 157.370589
2026-05-22 01:33:49,878 - INFO -     Subject test Hits (lk) @ 1: 0.816883
2026-05-22 01:33:49,878 - INFO -     Subject test Hits (lk) @ 3: 0.844440
2026-05-22 01:33:49,879 - INFO -     Subject test Hits (lk) @ 10: 0.862265
2026-05-22 01:33:49,880 - INFO -     Object test MRR (lk): 0.833019
2026-05-22 01:33:49,880 - INFO -     Object test MR (lk): 193.006198
2026-05-22 01:33:49,880 - INFO -     Object test Hits (lk) @ 1: 0.825642
2026-05-22 01:33:49,880 - INFO -     Object test Hits (lk) @ 3: 0.838140
2026-05-22 01:33:49,880 - INFO -     Object test Hits (lk) @ 10: 0.846386
2026-05-22 01:33:49,881 - INFO -     ALL test MRR (lk): 0.833567
2026-05-22 01:33:49,881 - INFO -     ALL test MR (lk): 175.188393
2026-05-22 01:33:49,881 - INFO -     ALL test Hits (lk) @ 1: 0.821262
2026-05-22 01:33:49,881 - INFO -     ALL test Hits (lk) @ 3: 0.841290
2026-05-22 01:33:49,881 - INFO -     ALL test Hits (lk) @ 10: 0.854326
2026-05-22 01:33:49,881 - INFO -   [Ground Truth Oracle]
2026-05-22 01:33:49,881 - INFO -     Subject test MRR (lk): 0.892085
2026-05-22 01:33:49,882 - INFO -     Subject test MR (lk): 148.804385
2026-05-22 01:33:49,882 - INFO -     Subject test Hits (lk) @ 1: 0.888849
2026-05-22 01:33:49,882 - INFO -     Subject test Hits (lk) @ 3: 0.892639
2026-05-22 01:33:49,882 - INFO -     Subject test Hits (lk) @ 10: 0.896788
2026-05-22 01:33:49,882 - INFO -     Object test MRR (lk): 0.887186
2026-05-22 01:33:49,882 - INFO -     Object test MR (lk): 178.633663
2026-05-22 01:33:49,882 - INFO -     Object test Hits (lk) @ 1: 0.885878
2026-05-22 01:33:49,882 - INFO -     Object test Hits (lk) @ 3: 0.886595
2026-05-22 01:33:49,882 - INFO -     Object test Hits (lk) @ 10: 0.889054
2026-05-22 01:33:49,883 - INFO -     ALL test MRR (lk): 0.889635
2026-05-22 01:33:49,883 - INFO -     ALL test MR (lk): 163.719024
2026-05-22 01:33:49,883 - INFO -     ALL test Hits (lk) @ 1: 0.887364
2026-05-22 01:33:49,884 - INFO -     ALL test Hits (lk) @ 3: 0.889617
2026-05-22 01:33:49,884 - INFO -     ALL test Hits (lk) @ 10: 0.892921
2026-05-22 01:33:49,901 - INFO -   Model improved! Best MRR = 0.889635
2026-05-22 01:33:49,902 - INFO - Epoch 6/30
2026-05-22 01:33:58,267 - INFO - [TRAIN] Epoch 6: Loss = 5.704727 (Time: 8.36s)
2026-05-22 01:33:58,288 - INFO - [VRAM] Peak: 0.71GB | Reserved: 0.82GB
2026-05-22 01:33:58,288 - INFO - Epoch 7/30
2026-05-22 01:34:06,106 - INFO - [TRAIN] Epoch 7: Loss = 5.691253 (Time: 7.82s)
2026-05-22 01:34:06,122 - INFO - [VRAM] Peak: 0.71GB | Reserved: 0.82GB
2026-05-22 01:34:06,122 - INFO - Epoch 8/30
2026-05-22 01:34:14,296 - INFO - [TRAIN] Epoch 8: Loss = 5.678406 (Time: 8.17s)
2026-05-22 01:34:14,313 - INFO - [VRAM] Peak: 0.71GB | Reserved: 0.82GB
2026-05-22 01:34:14,313 - INFO - Epoch 9/30
2026-05-22 01:34:22,270 - INFO - [TRAIN] Epoch 9: Loss = 5.665557 (Time: 7.96s)
2026-05-22 01:34:22,285 - INFO - [VRAM] Peak: 0.71GB | Reserved: 0.82GB
2026-05-22 01:34:22,285 - INFO - Epoch 10/30
2026-05-22 01:34:30,181 - INFO - [TRAIN] Epoch 10: Loss = 5.653746 (Time: 7.90s)
2026-05-22 01:34:30,197 - INFO - [VRAM] Peak: 0.71GB | Reserved: 0.82GB
2026-05-22 01:34:30,197 - INFO - [VALIDATION] Epoch 10
2026-05-22 01:34:34,614 - INFO -   [No Oracle Filtering]
2026-05-22 01:34:34,614 - INFO -     Subject test MRR (lk): 0.848834
2026-05-22 01:34:34,614 - INFO -     Subject test MR (lk): 142.464529
2026-05-22 01:34:34,614 - INFO -     Subject test Hits (lk) @ 1: 0.837269
2026-05-22 01:34:34,614 - INFO -     Subject test Hits (lk) @ 3: 0.854274
2026-05-22 01:34:34,615 - INFO -     Subject test Hits (lk) @ 10: 0.867899
2026-05-22 01:34:34,615 - INFO -     Object test MRR (lk): 0.840372
2026-05-22 01:34:34,615 - INFO -     Object test MR (lk): 168.239666
2026-05-22 01:34:34,615 - INFO -     Object test Hits (lk) @ 1: 0.835015
2026-05-22 01:34:34,615 - INFO -     Object test Hits (lk) @ 3: 0.840240
2026-05-22 01:34:34,615 - INFO -     Object test Hits (lk) @ 10: 0.849767
2026-05-22 01:34:34,616 - INFO -     ALL test MRR (lk): 0.844603
2026-05-22 01:34:34,616 - INFO -     ALL test MR (lk): 155.352098
2026-05-22 01:34:34,616 - INFO -     ALL test Hits (lk) @ 1: 0.836142
2026-05-22 01:34:34,616 - INFO -     ALL test Hits (lk) @ 3: 0.847257
2026-05-22 01:34:34,616 - INFO -     ALL test Hits (lk) @ 10: 0.858833
2026-05-22 01:34:34,616 - INFO -   [Ground Truth Oracle]
2026-05-22 01:34:34,617 - INFO -     Subject test MRR (lk): 0.892369
2026-05-22 01:34:34,617 - INFO -     Subject test MR (lk): 133.098755
2026-05-22 01:34:34,617 - INFO -     Subject test Hits (lk) @ 1: 0.888593
2026-05-22 01:34:34,617 - INFO -     Subject test Hits (lk) @ 3: 0.892896
2026-05-22 01:34:34,617 - INFO -     Subject test Hits (lk) @ 10: 0.898069
2026-05-22 01:34:34,618 - INFO -     Object test MRR (lk): 0.887667
2026-05-22 01:34:34,618 - INFO -     Object test MR (lk): 154.439021
2026-05-22 01:34:34,618 - INFO -     Object test Hits (lk) @ 1: 0.885929
2026-05-22 01:34:34,618 - INFO -     Object test Hits (lk) @ 3: 0.887364
2026-05-22 01:34:34,618 - INFO -     Object test Hits (lk) @ 10: 0.889361
2026-05-22 01:34:34,619 - INFO -     ALL test MRR (lk): 0.890018
2026-05-22 01:34:34,619 - INFO -     ALL test MR (lk): 143.768888
2026-05-22 01:34:34,619 - INFO -     ALL test Hits (lk) @ 1: 0.887261
2026-05-22 01:34:34,619 - INFO -     ALL test Hits (lk) @ 3: 0.890130
2026-05-22 01:34:34,619 - INFO -     ALL test Hits (lk) @ 10: 0.893715
2026-05-22 01:34:34,646 - INFO -   Model improved! Best MRR = 0.890018
2026-05-22 01:34:34,647 - INFO - Epoch 11/30
2026-05-22 01:34:42,454 - INFO - [TRAIN] Epoch 11: Loss = 5.643722 (Time: 7.81s)
2026-05-22 01:34:42,474 - INFO - [VRAM] Peak: 0.71GB | Reserved: 0.82GB
2026-05-22 01:34:42,474 - INFO - Epoch 12/30
2026-05-22 01:34:50,008 - INFO - [TRAIN] Epoch 12: Loss = 5.635652 (Time: 7.53s)
2026-05-22 01:34:50,024 - INFO - [VRAM] Peak: 0.71GB | Reserved: 0.82GB
2026-05-22 01:34:50,024 - INFO - Epoch 13/30
2026-05-22 01:34:58,032 - INFO - [TRAIN] Epoch 13: Loss = 5.628705 (Time: 8.01s)
2026-05-22 01:34:58,048 - INFO - [VRAM] Peak: 0.71GB | Reserved: 0.82GB
2026-05-22 01:34:58,048 - INFO - Epoch 14/30
2026-05-22 01:35:06,084 - INFO - [TRAIN] Epoch 14: Loss = 5.622938 (Time: 8.04s)
2026-05-22 01:35:06,100 - INFO - [VRAM] Peak: 0.71GB | Reserved: 0.82GB
2026-05-22 01:35:06,101 - INFO - Epoch 15/30
2026-05-22 01:35:14,016 - INFO - [TRAIN] Epoch 15: Loss = 5.618087 (Time: 7.92s)
2026-05-22 01:35:14,032 - INFO - [VRAM] Peak: 0.71GB | Reserved: 0.82GB
2026-05-22 01:35:14,032 - INFO - [VALIDATION] Epoch 15
2026-05-22 01:35:18,501 - INFO -   [No Oracle Filtering]
2026-05-22 01:35:18,502 - INFO -     Subject test MRR (lk): 0.844545
2026-05-22 01:35:18,502 - INFO -     Subject test MR (lk): 138.200866
2026-05-22 01:35:18,502 - INFO -     Subject test Hits (lk) @ 1: 0.831481
2026-05-22 01:35:18,502 - INFO -     Subject test Hits (lk) @ 3: 0.849408
2026-05-22 01:35:18,502 - INFO -     Subject test Hits (lk) @ 10: 0.867899
2026-05-22 01:35:18,503 - INFO -     Object test MRR (lk): 0.835299
2026-05-22 01:35:18,503 - INFO -     Object test MR (lk): 163.103058
2026-05-22 01:35:18,503 - INFO -     Object test Hits (lk) @ 1: 0.826717
2026-05-22 01:35:18,503 - INFO -     Object test Hits (lk) @ 3: 0.838857
2026-05-22 01:35:18,503 - INFO -     Object test Hits (lk) @ 10: 0.849664
2026-05-22 01:35:18,504 - INFO -     ALL test MRR (lk): 0.839922
2026-05-22 01:35:18,504 - INFO -     ALL test MR (lk): 150.651962
2026-05-22 01:35:18,504 - INFO -     ALL test Hits (lk) @ 1: 0.829099
2026-05-22 01:35:18,504 - INFO -     ALL test Hits (lk) @ 3: 0.844133
2026-05-22 01:35:18,504 - INFO -     ALL test Hits (lk) @ 10: 0.858782
2026-05-22 01:35:18,504 - INFO -   [Ground Truth Oracle]
2026-05-22 01:35:18,505 - INFO -     Subject test MRR (lk): 0.892946
2026-05-22 01:35:18,505 - INFO -     Subject test MR (lk): 128.523460
2026-05-22 01:35:18,505 - INFO -     Subject test Hits (lk) @ 1: 0.887876
2026-05-22 01:35:18,505 - INFO -     Subject test Hits (lk) @ 3: 0.894074
2026-05-22 01:35:18,505 - INFO -     Subject test Hits (lk) @ 10: 0.900937
2026-05-22 01:35:18,505 - INFO -     Object test MRR (lk): 0.888428
2026-05-22 01:35:18,505 - INFO -     Object test MR (lk): 150.432413
2026-05-22 01:35:18,505 - INFO -     Object test Hits (lk) @ 1: 0.886288
2026-05-22 01:35:18,505 - INFO -     Object test Hits (lk) @ 3: 0.887927
2026-05-22 01:35:18,505 - INFO -     Object test Hits (lk) @ 10: 0.891103
2026-05-22 01:35:18,506 - INFO -     ALL test MRR (lk): 0.890687
2026-05-22 01:35:18,506 - INFO -     ALL test MR (lk): 139.477936
2026-05-22 01:35:18,507 - INFO -     ALL test Hits (lk) @ 1: 0.887082
2026-05-22 01:35:18,507 - INFO -     ALL test Hits (lk) @ 3: 0.891000
2026-05-22 01:35:18,507 - INFO -     ALL test Hits (lk) @ 10: 0.896020
2026-05-22 01:35:18,533 - INFO -   Model improved! Best MRR = 0.890687
2026-05-22 01:35:18,534 - INFO - Epoch 16/30
2026-05-22 01:35:26,254 - INFO - [TRAIN] Epoch 16: Loss = 5.613871 (Time: 7.72s)
2026-05-22 01:35:26,274 - INFO - [VRAM] Peak: 0.71GB | Reserved: 0.82GB
2026-05-22 01:35:26,274 - INFO - Epoch 17/30
2026-05-22 01:35:34,195 - INFO - [TRAIN] Epoch 17: Loss = 5.610349 (Time: 7.92s)
2026-05-22 01:35:34,210 - INFO - [VRAM] Peak: 0.71GB | Reserved: 0.82GB
2026-05-22 01:35:34,210 - INFO - Epoch 18/30
2026-05-22 01:35:42,171 - INFO - [TRAIN] Epoch 18: Loss = 5.607134 (Time: 7.96s)
2026-05-22 01:35:42,187 - INFO - [VRAM] Peak: 0.71GB | Reserved: 0.82GB
2026-05-22 01:35:42,187 - INFO - Epoch 19/30
2026-05-22 01:35:50,398 - INFO - [TRAIN] Epoch 19: Loss = 5.604346 (Time: 8.21s)
2026-05-22 01:35:50,414 - INFO - [VRAM] Peak: 0.71GB | Reserved: 0.82GB
2026-05-22 01:35:50,414 - INFO - Epoch 20/30
2026-05-22 01:35:58,569 - INFO - [TRAIN] Epoch 20: Loss = 5.601636 (Time: 8.15s)
2026-05-22 01:35:58,584 - INFO - [VRAM] Peak: 0.71GB | Reserved: 0.82GB
2026-05-22 01:35:58,584 - INFO - [VALIDATION] Epoch 20
2026-05-22 01:36:03,033 - INFO -   [No Oracle Filtering]
2026-05-22 01:36:03,034 - INFO -     Subject test MRR (lk): 0.839786
2026-05-22 01:36:03,034 - INFO -     Subject test MR (lk): 138.908416
2026-05-22 01:36:03,034 - INFO -     Subject test Hits (lk) @ 1: 0.825590
2026-05-22 01:36:03,034 - INFO -     Subject test Hits (lk) @ 3: 0.844133
2026-05-22 01:36:03,034 - INFO -     Subject test Hits (lk) @ 10: 0.866260
2026-05-22 01:36:03,035 - INFO -     Object test MRR (lk): 0.835204
2026-05-22 01:36:03,035 - INFO -     Object test MR (lk): 162.106157
2026-05-22 01:36:03,035 - INFO -     Object test Hits (lk) @ 1: 0.826154
2026-05-22 01:36:03,035 - INFO -     Object test Hits (lk) @ 3: 0.838447
2026-05-22 01:36:03,035 - INFO -     Object test Hits (lk) @ 10: 0.849511
2026-05-22 01:36:03,036 - INFO -     ALL test MRR (lk): 0.837495
2026-05-22 01:36:03,036 - INFO -     ALL test MR (lk): 150.507286
2026-05-22 01:36:03,036 - INFO -     ALL test Hits (lk) @ 1: 0.825872
2026-05-22 01:36:03,036 - INFO -     ALL test Hits (lk) @ 3: 0.841290
2026-05-22 01:36:03,036 - INFO -     ALL test Hits (lk) @ 10: 0.857886
2026-05-22 01:36:03,036 - INFO -   [Ground Truth Oracle]
2026-05-22 01:36:03,036 - INFO -     Subject test MRR (lk): 0.893644
2026-05-22 01:36:03,036 - INFO -     Subject test MR (lk): 129.813861
2026-05-22 01:36:03,036 - INFO -     Subject test Hits (lk) @ 1: 0.888286
2026-05-22 01:36:03,037 - INFO -     Subject test Hits (lk) @ 3: 0.894637
2026-05-22 01:36:03,037 - INFO -     Subject test Hits (lk) @ 10: 0.902320
2026-05-22 01:36:03,037 - INFO -     Object test MRR (lk): 0.888858
2026-05-22 01:36:03,037 - INFO -     Object test MR (lk): 151.074195
2026-05-22 01:36:03,037 - INFO -     Object test Hits (lk) @ 1: 0.886339
2026-05-22 01:36:03,037 - INFO -     Object test Hits (lk) @ 3: 0.888542
2026-05-22 01:36:03,037 - INFO -     Object test Hits (lk) @ 10: 0.892332
2026-05-22 01:36:03,038 - INFO -     ALL test MRR (lk): 0.891251
2026-05-22 01:36:03,038 - INFO -     ALL test MR (lk): 140.444028
2026-05-22 01:36:03,038 - INFO -     ALL test Hits (lk) @ 1: 0.887312
2026-05-22 01:36:03,038 - INFO -     ALL test Hits (lk) @ 3: 0.891589
2026-05-22 01:36:03,038 - INFO -     ALL test Hits (lk) @ 10: 0.897326
2026-05-22 01:36:03,061 - INFO -   Model improved! Best MRR = 0.891251
2026-05-22 01:36:03,063 - INFO - Epoch 21/30
2026-05-22 01:36:11,092 - INFO - [TRAIN] Epoch 21: Loss = 5.599372 (Time: 8.03s)
2026-05-22 01:36:11,115 - INFO - [VRAM] Peak: 0.71GB | Reserved: 0.82GB
2026-05-22 01:36:11,115 - INFO - Epoch 22/30
2026-05-22 01:36:19,007 - INFO - [TRAIN] Epoch 22: Loss = 5.597365 (Time: 7.89s)
2026-05-22 01:36:19,022 - INFO - [VRAM] Peak: 0.71GB | Reserved: 0.82GB
2026-05-22 01:36:19,022 - INFO - Epoch 23/30
2026-05-22 01:36:26,718 - INFO - [TRAIN] Epoch 23: Loss = 5.595344 (Time: 7.70s)
2026-05-22 01:36:26,734 - INFO - [VRAM] Peak: 0.71GB | Reserved: 0.82GB
2026-05-22 01:36:26,734 - INFO - Epoch 24/30
2026-05-22 01:36:34,811 - INFO - [TRAIN] Epoch 24: Loss = 5.593660 (Time: 8.08s)
2026-05-22 01:36:34,827 - INFO - [VRAM] Peak: 0.71GB | Reserved: 0.82GB
2026-05-22 01:36:34,828 - INFO - Epoch 25/30
2026-05-22 01:36:42,797 - INFO - [TRAIN] Epoch 25: Loss = 5.592134 (Time: 7.97s)
2026-05-22 01:36:42,813 - INFO - [VRAM] Peak: 0.71GB | Reserved: 0.82GB
2026-05-22 01:36:42,813 - INFO - [VALIDATION] Epoch 25
2026-05-22 01:36:47,318 - INFO -   [No Oracle Filtering]
2026-05-22 01:36:47,318 - INFO -     Subject test MRR (lk): 0.836922
2026-05-22 01:36:47,319 - INFO -     Subject test MR (lk): 140.319674
2026-05-22 01:36:47,319 - INFO -     Subject test Hits (lk) @ 1: 0.821493
2026-05-22 01:36:47,319 - INFO -     Subject test Hits (lk) @ 3: 0.842391
2026-05-22 01:36:47,319 - INFO -     Subject test Hits (lk) @ 10: 0.864621
2026-05-22 01:36:47,319 - INFO -     Object test MRR (lk): 0.833519
2026-05-22 01:36:47,319 - INFO -     Object test MR (lk): 161.164370
2026-05-22 01:36:47,319 - INFO -     Object test Hits (lk) @ 1: 0.823849
2026-05-22 01:36:47,319 - INFO -     Object test Hits (lk) @ 3: 0.836552
2026-05-22 01:36:47,319 - INFO -     Object test Hits (lk) @ 10: 0.850023
2026-05-22 01:36:47,320 - INFO -     ALL test MRR (lk): 0.835221
2026-05-22 01:36:47,320 - INFO -     ALL test MR (lk): 150.742022
2026-05-22 01:36:47,320 - INFO -     ALL test Hits (lk) @ 1: 0.822671
2026-05-22 01:36:47,321 - INFO -     ALL test Hits (lk) @ 3: 0.839471
2026-05-22 01:36:47,321 - INFO -     ALL test Hits (lk) @ 10: 0.857322
2026-05-22 01:36:47,321 - INFO -   [Ground Truth Oracle]
2026-05-22 01:36:47,321 - INFO -     Subject test MRR (lk): 0.893418
2026-05-22 01:36:47,321 - INFO -     Subject test MR (lk): 131.962301
2026-05-22 01:36:47,321 - INFO -     Subject test Hits (lk) @ 1: 0.887415
2026-05-22 01:36:47,321 - INFO -     Subject test Hits (lk) @ 3: 0.894996
2026-05-22 01:36:47,321 - INFO -     Subject test Hits (lk) @ 10: 0.902679
2026-05-22 01:36:47,322 - INFO -     Object test MRR (lk): 0.889127
2026-05-22 01:36:47,322 - INFO -     Object test MR (lk): 151.282641
2026-05-22 01:36:47,322 - INFO -     Object test Hits (lk) @ 1: 0.886647
2026-05-22 01:36:47,322 - INFO -     Object test Hits (lk) @ 3: 0.888644
2026-05-22 01:36:47,322 - INFO -     Object test Hits (lk) @ 10: 0.892844
2026-05-22 01:36:47,323 - INFO -     ALL test MRR (lk): 0.891273
2026-05-22 01:36:47,323 - INFO -     ALL test MR (lk): 141.622471
2026-05-22 01:36:47,323 - INFO -     ALL test Hits (lk) @ 1: 0.887031
2026-05-22 01:36:47,323 - INFO -     ALL test Hits (lk) @ 3: 0.891820
2026-05-22 01:36:47,323 - INFO -     ALL test Hits (lk) @ 10: 0.897762
2026-05-22 01:36:47,349 - INFO -   Model improved! Best MRR = 0.891273
2026-05-22 01:36:47,349 - INFO - Epoch 26/30
2026-05-22 01:36:55,269 - INFO - [TRAIN] Epoch 26: Loss = 5.590613 (Time: 7.92s)
2026-05-22 01:36:55,290 - INFO - [VRAM] Peak: 0.71GB | Reserved: 0.82GB
2026-05-22 01:36:55,290 - INFO - Epoch 27/30
2026-05-22 01:37:03,268 - INFO - [TRAIN] Epoch 27: Loss = 5.589560 (Time: 7.98s)
2026-05-22 01:37:03,284 - INFO - [VRAM] Peak: 0.71GB | Reserved: 0.82GB
2026-05-22 01:37:03,284 - INFO - Epoch 28/30
2026-05-22 01:37:11,507 - INFO - [TRAIN] Epoch 28: Loss = 5.588164 (Time: 8.22s)
2026-05-22 01:37:11,523 - INFO - [VRAM] Peak: 0.71GB | Reserved: 0.82GB
2026-05-22 01:37:11,523 - INFO - Epoch 29/30
2026-05-22 01:37:19,510 - INFO - [TRAIN] Epoch 29: Loss = 5.587081 (Time: 7.99s)
2026-05-22 01:37:19,526 - INFO - [VRAM] Peak: 0.71GB | Reserved: 0.82GB
2026-05-22 01:37:19,527 - INFO - Epoch 30/30
2026-05-22 01:37:27,668 - INFO - [TRAIN] Epoch 30: Loss = 5.586285 (Time: 8.14s)
2026-05-22 01:37:27,684 - INFO - [VRAM] Peak: 0.71GB | Reserved: 0.82GB
2026-05-22 01:37:27,684 - INFO - [VALIDATION] Epoch 30
2026-05-22 01:37:32,165 - INFO -   [No Oracle Filtering]
2026-05-22 01:37:32,166 - INFO -     Subject test MRR (lk): 0.835102
2026-05-22 01:37:32,166 - INFO -     Subject test MR (lk): 141.399247
2026-05-22 01:37:32,166 - INFO -     Subject test Hits (lk) @ 1: 0.820007
2026-05-22 01:37:32,166 - INFO -     Subject test Hits (lk) @ 3: 0.840752
2026-05-22 01:37:32,166 - INFO -     Subject test Hits (lk) @ 10: 0.862777
2026-05-22 01:37:32,167 - INFO -     Object test MRR (lk): 0.830291
2026-05-22 01:37:32,167 - INFO -     Object test MR (lk): 162.420248
2026-05-22 01:37:32,167 - INFO -     Object test Hits (lk) @ 1: 0.820366
2026-05-22 01:37:32,167 - INFO -     Object test Hits (lk) @ 3: 0.832864
2026-05-22 01:37:32,167 - INFO -     Object test Hits (lk) @ 10: 0.847257
2026-05-22 01:37:32,168 - INFO -     ALL test MRR (lk): 0.832696
2026-05-22 01:37:32,168 - INFO -     ALL test MR (lk): 151.909747
2026-05-22 01:37:32,168 - INFO -     ALL test Hits (lk) @ 1: 0.820186
2026-05-22 01:37:32,168 - INFO -     ALL test Hits (lk) @ 3: 0.836808
2026-05-22 01:37:32,168 - INFO -     ALL test Hits (lk) @ 10: 0.855017
2026-05-22 01:37:32,168 - INFO -   [Ground Truth Oracle]
2026-05-22 01:37:32,169 - INFO -     Subject test MRR (lk): 0.893510
2026-05-22 01:37:32,169 - INFO -     Subject test MR (lk): 133.308431
2026-05-22 01:37:32,169 - INFO -     Subject test Hits (lk) @ 1: 0.887415
2026-05-22 01:37:32,169 - INFO -     Subject test Hits (lk) @ 3: 0.895201
2026-05-22 01:37:32,169 - INFO -     Subject test Hits (lk) @ 10: 0.902986
2026-05-22 01:37:32,169 - INFO -     Object test MRR (lk): 0.889172
2026-05-22 01:37:32,169 - INFO -     Object test MR (lk): 152.903831
2026-05-22 01:37:32,169 - INFO -     Object test Hits (lk) @ 1: 0.886698
2026-05-22 01:37:32,169 - INFO -     Object test Hits (lk) @ 3: 0.888593
2026-05-22 01:37:32,170 - INFO -     Object test Hits (lk) @ 10: 0.892793
2026-05-22 01:37:32,170 - INFO -     ALL test MRR (lk): 0.891341
2026-05-22 01:37:32,171 - INFO -     ALL test MR (lk): 143.106131
2026-05-22 01:37:32,171 - INFO -     ALL test Hits (lk) @ 1: 0.887056
2026-05-22 01:37:32,171 - INFO -     ALL test Hits (lk) @ 3: 0.891897
2026-05-22 01:37:32,171 - INFO -     ALL test Hits (lk) @ 10: 0.897890
2026-05-22 01:37:32,197 - INFO -   Model improved! Best MRR = 0.891341
2026-05-22 01:37:32,199 - INFO - Training completed!
2026-05-22 01:37:32,242 - INFO - [ORACLE TRAINING PHASE]
2026-05-22 01:37:32,242 - INFO - Starting Oracle training...
2026-05-22 01:37:40,161 - INFO - [ORACLE] Epoch 1: Loss = 46.554919 (Time: 7.92s)
2026-05-22 01:37:47,770 - INFO - [ORACLE] Epoch 2: Loss = 5.630349 (Time: 7.61s)
2026-05-22 01:37:55,514 - INFO - [ORACLE] Epoch 3: Loss = 4.497528 (Time: 7.74s)
2026-05-22 01:38:03,256 - INFO - [ORACLE] Epoch 4: Loss = 3.581747 (Time: 7.74s)
2026-05-22 01:38:10,859 - INFO - [ORACLE] Epoch 5: Loss = 2.685885 (Time: 7.60s)
2026-05-22 01:38:18,594 - INFO - [ORACLE] Epoch 6: Loss = 1.779879 (Time: 7.73s)
2026-05-22 01:38:26,270 - INFO - [ORACLE] Epoch 7: Loss = 0.965461 (Time: 7.68s)
2026-05-22 01:38:34,077 - INFO - [ORACLE] Epoch 8: Loss = 0.750250 (Time: 7.81s)
2026-05-22 01:38:41,783 - INFO - [ORACLE] Epoch 9: Loss = 0.716108 (Time: 7.71s)
2026-05-22 01:38:49,378 - INFO - [ORACLE] Epoch 10: Loss = 0.708188 (Time: 7.60s)
2026-05-22 01:38:57,101 - INFO - [ORACLE] Epoch 11: Loss = 0.704295 (Time: 7.72s)
2026-05-22 01:39:04,859 - INFO - [ORACLE] Epoch 12: Loss = 0.702054 (Time: 7.76s)
2026-05-22 01:39:12,766 - INFO - [ORACLE] Epoch 13: Loss = 0.698128 (Time: 7.91s)
2026-05-22 01:39:20,584 - INFO - [ORACLE] Epoch 14: Loss = 0.698074 (Time: 7.82s)
2026-05-22 01:39:28,593 - INFO - [ORACLE] Epoch 15: Loss = 0.697189 (Time: 8.01s)
2026-05-22 01:39:36,287 - INFO - [ORACLE] Epoch 16: Loss = 0.698092 (Time: 7.69s)
2026-05-22 01:39:44,264 - INFO - [ORACLE] Epoch 17: Loss = 0.697435 (Time: 7.98s)
2026-05-22 01:39:52,196 - INFO - [ORACLE] Epoch 18: Loss = 0.699162 (Time: 7.93s)
2026-05-22 01:40:00,007 - INFO - [ORACLE] Epoch 19: Loss = 0.696012 (Time: 7.81s)
2026-05-22 01:40:08,002 - INFO - [ORACLE] Epoch 20: Loss = 0.695210 (Time: 7.99s)
2026-05-22 01:40:08,002 - INFO - Oracle training completed!
2026-05-22 01:40:08,032 - INFO - [TEST PHASE]
2026-05-22 01:40:08,032 - INFO - Testing starts...
2026-05-22 01:40:12,938 - INFO - Test Results (Oracle):
2026-05-22 01:40:12,939 - INFO -     Subject test MRR (lk): 0.842772
2026-05-22 01:40:12,939 - INFO -     Subject test MR (lk): 739.039424
2026-05-22 01:40:12,939 - INFO -     Subject test Hits (lk) @ 1: 0.839559
2026-05-22 01:40:12,939 - INFO -     Subject test Hits (lk) @ 3: 0.845001
2026-05-22 01:40:12,939 - INFO -     Subject test Hits (lk) @ 10: 0.847199
2026-05-22 01:40:12,940 - INFO -     Object test MRR (lk): 0.838370
2026-05-22 01:40:12,940 - INFO -     Object test MR (lk): 809.744657
2026-05-22 01:40:12,940 - INFO -     Object test Hits (lk) @ 1: 0.838011
2026-05-22 01:40:12,940 - INFO -     Object test Hits (lk) @ 3: 0.838510
2026-05-22 01:40:12,940 - INFO -     Object test Hits (lk) @ 10: 0.839009
2026-05-22 01:40:12,941 - INFO -     ALL test MRR (lk): 0.840571
2026-05-22 01:40:12,941 - INFO -     ALL test MR (lk): 774.392040
2026-05-22 01:40:12,941 - INFO -     ALL test Hits (lk) @ 1: 0.838785
2026-05-22 01:40:12,941 - INFO -     ALL test Hits (lk) @ 3: 0.841756
2026-05-22 01:40:12,941 - INFO -     ALL test Hits (lk) @ 10: 0.843104
2026-05-22 01:40:12,941 - INFO - Avg Loss: 2.935450
2026-05-22 01:40:12,941 - INFO - Testing completed! (Time: 4.91s)
