[2026-06-06 10:51:13.260] SETUP : ========== CONFIG ==========
[2026-06-06 10:51:13.261] SETUP : [Model Config]
[2026-06-06 10:51:13.262] SETUP :   embedding_dim: 32
[2026-06-06 10:51:13.262] SETUP :   dropout: 0.5
[2026-06-06 10:51:13.263] SETUP : [Training Config]
[2026-06-06 10:51:13.264] SETUP :   dataset_name: YAGO
[2026-06-06 10:51:13.265] SETUP :   batch_size: 1
[2026-06-06 10:51:13.265] SETUP :   max_epochs: 10
[2026-06-06 10:51:13.266] SETUP :   lr: 0.001
[2026-06-06 10:51:13.267] SETUP :   weight_decay: 1e-05
[2026-06-06 10:51:13.268] SETUP :   save_dir: SAVE
[2026-06-06 10:51:13.268] SETUP : [Dataset Config]
[2026-06-06 10:51:13.269] SETUP :   dataset: YAGO
[2026-06-06 10:51:13.270] SETUP :   history_len: 5
[2026-06-06 10:51:13.271] SETUP :   dilate_len: 1
[2026-06-06 10:51:13.271] SETUP :   add_inverse: True
[2026-06-06 10:51:13.272] SETUP : ============================
[2026-06-06 10:51:13.273] SAVE  : Config saved to SAVE/version_2/config.yaml
[2026-06-06 10:51:13.274] INFO  : Number of trainable parameters: 511,551
[2026-06-06 10:51:13.274] SETUP : [Efficiency Stats]
[2026-06-06 10:51:13.278] ERROR : [VRAM] Could not measure peak VRAM: mat1 and mat2 shapes cannot be multiplied (10623x32 and 1x32)
[2026-06-06 10:51:13.279] SETUP :   Peak VRAM: N/A (CPU mode)
[2026-06-06 10:51:13.286] ERROR : [FLOPs] Could not measure FLOPs: mat1 and mat2 shapes cannot be multiplied (10623x32 and 1x32)
[2026-06-06 10:51:13.287] SETUP :   FLOPs: N/A
