[2026-06-06 14:52:54.928] SETUP : ========== CONFIG ==========
[2026-06-06 14:52:54.929] SETUP : [Model Config]
[2026-06-06 14:52:54.929] SETUP :   embedding_dim: 64
[2026-06-06 14:52:54.929] SETUP :   dropout: 0.5
[2026-06-06 14:52:54.930] SETUP : [Training Config]
[2026-06-06 14:52:54.930] SETUP :   dataset_name: YAGO
[2026-06-06 14:52:54.930] SETUP :   batch_size: 1
[2026-06-06 14:52:54.931] SETUP :   max_epochs: 100
[2026-06-06 14:52:54.931] SETUP :   lr: 0.001
[2026-06-06 14:52:54.931] SETUP :   weight_decay: 1e-05
[2026-06-06 14:52:54.932] SETUP :   save_dir: SAVE
[2026-06-06 14:52:54.932] SETUP :   patience: 10
[2026-06-06 14:52:54.932] SETUP :   min_delta: 0.0001
[2026-06-06 14:52:54.933] SETUP :   lr_patience: 5
[2026-06-06 14:52:54.934] SETUP :   lr_factor: 0.1
[2026-06-06 14:52:54.934] SETUP :   min_lr: 1e-06
[2026-06-06 14:52:54.935] SETUP : [Dataset Config]
[2026-06-06 14:52:54.935] SETUP :   dataset: YAGO
[2026-06-06 14:52:54.935] SETUP :   history_len: 3
[2026-06-06 14:52:54.936] SETUP :   dilate_len: 1
[2026-06-06 14:52:54.936] SETUP :   add_inverse: True
[2026-06-06 14:52:54.936] SETUP : ============================
[2026-06-06 14:52:54.937] SAVE  : Config saved to SAVE/version_5/config.yaml
[2026-06-06 14:52:54.937] INFO  : Number of trainable parameters: 1,374,691
[2026-06-06 14:52:54.938] SETUP : [Efficiency Stats]
[2026-06-06 14:52:55.261] SETUP :   Peak VRAM (single batch): 0.1242 GB
[2026-06-06 14:52:55.375] SETUP :   FLOPs (single forward pass): 3.8021 GFLOPs
[2026-06-06 14:52:55.376] INFO  : Starting training for 100 epochs on device: cuda
[2026-06-06 14:53:04.235] TRAIN : Epoch 1 | Loss = 2.058775 | Time = 8.86s
[2026-06-06 14:53:04.398] VAL   : Epoch 1 | Loss = 1.976705 | Time = 0.16s
[2026-06-06 14:53:04.399] VRAM  : Train Peak VRAM: 2.2969 GB | Train Reserved VRAM: 2.8626 GB
[2026-06-06 14:53:04.400] VRAM  : Validation Peak VRAM: 0.7239 GB | Validation Reserved VRAM: 1.5037 GB
[2026-06-06 14:53:04.428] SAVE  : Checkpoint saved to SAVE/version_5/chkpt/best.pt
[2026-06-06 14:53:12.864] TRAIN : Epoch 2 | Loss = 1.053366 | Time = 8.44s
[2026-06-06 14:53:12.954] VAL   : Epoch 2 | Loss = 1.472815 | Time = 0.09s
[2026-06-06 14:53:12.955] VRAM  : Train Peak VRAM: 2.2939 GB | Train Reserved VRAM: 2.7913 GB
[2026-06-06 14:53:12.955] VRAM  : Validation Peak VRAM: 0.7239 GB | Validation Reserved VRAM: 2.7913 GB
[2026-06-06 14:53:12.979] SAVE  : Checkpoint saved to SAVE/version_5/chkpt/best.pt
[2026-06-06 14:53:21.428] TRAIN : Epoch 3 | Loss = 0.697533 | Time = 8.45s
[2026-06-06 14:53:21.518] VAL   : Epoch 3 | Loss = 1.223842 | Time = 0.09s
[2026-06-06 14:53:21.519] VRAM  : Train Peak VRAM: 2.2939 GB | Train Reserved VRAM: 2.7913 GB
[2026-06-06 14:53:21.519] VRAM  : Validation Peak VRAM: 0.7239 GB | Validation Reserved VRAM: 2.7913 GB
[2026-06-06 14:53:21.555] SAVE  : Checkpoint saved to SAVE/version_5/chkpt/best.pt
[2026-06-06 14:53:30.029] TRAIN : Epoch 4 | Loss = 0.585388 | Time = 8.47s
[2026-06-06 14:53:30.120] VAL   : Epoch 4 | Loss = 1.107849 | Time = 0.09s
[2026-06-06 14:53:30.121] VRAM  : Train Peak VRAM: 2.2939 GB | Train Reserved VRAM: 2.7913 GB
[2026-06-06 14:53:30.122] VRAM  : Validation Peak VRAM: 0.7239 GB | Validation Reserved VRAM: 2.7913 GB
[2026-06-06 14:53:30.147] SAVE  : Checkpoint saved to SAVE/version_5/chkpt/best.pt
[2026-06-06 14:53:38.584] TRAIN : Epoch 5 | Loss = 0.533193 | Time = 8.44s
[2026-06-06 14:53:38.674] VAL   : Epoch 5 | Loss = 1.061345 | Time = 0.09s
[2026-06-06 14:53:38.676] VRAM  : Train Peak VRAM: 2.2939 GB | Train Reserved VRAM: 2.7913 GB
[2026-06-06 14:53:38.676] VRAM  : Validation Peak VRAM: 0.7239 GB | Validation Reserved VRAM: 2.7913 GB
[2026-06-06 14:53:38.704] SAVE  : Checkpoint saved to SAVE/version_5/chkpt/best.pt
[2026-06-06 14:53:47.169] TRAIN : Epoch 6 | Loss = 0.506642 | Time = 8.46s
[2026-06-06 14:53:47.260] VAL   : Epoch 6 | Loss = 1.025635 | Time = 0.09s
[2026-06-06 14:53:47.262] VRAM  : Train Peak VRAM: 2.2939 GB | Train Reserved VRAM: 2.7913 GB
[2026-06-06 14:53:47.262] VRAM  : Validation Peak VRAM: 0.7241 GB | Validation Reserved VRAM: 2.7913 GB
[2026-06-06 14:53:47.315] SAVE  : Checkpoint saved to SAVE/version_5/chkpt/best.pt
[2026-06-06 14:53:55.758] TRAIN : Epoch 7 | Loss = 0.488097 | Time = 8.44s
[2026-06-06 14:53:55.849] VAL   : Epoch 7 | Loss = 1.032817 | Time = 0.09s
[2026-06-06 14:53:55.850] VRAM  : Train Peak VRAM: 2.2939 GB | Train Reserved VRAM: 2.7913 GB
[2026-06-06 14:53:55.850] VRAM  : Validation Peak VRAM: 0.7239 GB | Validation Reserved VRAM: 2.7913 GB
[2026-06-06 14:54:04.295] TRAIN : Epoch 8 | Loss = 0.474291 | Time = 8.44s
[2026-06-06 14:54:04.386] VAL   : Epoch 8 | Loss = 1.011731 | Time = 0.09s
[2026-06-06 14:54:04.388] VRAM  : Train Peak VRAM: 2.2939 GB | Train Reserved VRAM: 2.7913 GB
[2026-06-06 14:54:04.390] VRAM  : Validation Peak VRAM: 0.7239 GB | Validation Reserved VRAM: 2.7913 GB
[2026-06-06 14:54:04.444] SAVE  : Checkpoint saved to SAVE/version_5/chkpt/best.pt
[2026-06-06 14:54:12.889] TRAIN : Epoch 9 | Loss = 0.462749 | Time = 8.44s
[2026-06-06 14:54:12.980] VAL   : Epoch 9 | Loss = 1.019992 | Time = 0.09s
[2026-06-06 14:54:12.981] VRAM  : Train Peak VRAM: 2.2939 GB | Train Reserved VRAM: 2.7913 GB
[2026-06-06 14:54:12.982] VRAM  : Validation Peak VRAM: 0.7239 GB | Validation Reserved VRAM: 2.7913 GB
[2026-06-06 14:54:21.414] TRAIN : Epoch 10 | Loss = 0.454862 | Time = 8.43s
[2026-06-06 14:54:21.504] VAL   : Epoch 10 | Loss = 1.014617 | Time = 0.09s
[2026-06-06 14:54:21.506] VRAM  : Train Peak VRAM: 2.2939 GB | Train Reserved VRAM: 2.7913 GB
[2026-06-06 14:54:21.506] VRAM  : Validation Peak VRAM: 0.7239 GB | Validation Reserved VRAM: 2.7913 GB
[2026-06-06 14:54:29.968] TRAIN : Epoch 11 | Loss = 0.446510 | Time = 8.46s
[2026-06-06 14:54:30.058] VAL   : Epoch 11 | Loss = 1.021861 | Time = 0.09s
[2026-06-06 14:54:30.059] VRAM  : Train Peak VRAM: 2.2939 GB | Train Reserved VRAM: 2.7913 GB
[2026-06-06 14:54:30.060] VRAM  : Validation Peak VRAM: 0.7239 GB | Validation Reserved VRAM: 2.7913 GB
[2026-06-06 14:54:38.505] TRAIN : Epoch 12 | Loss = 0.438955 | Time = 8.44s
[2026-06-06 14:54:38.596] VAL   : Epoch 12 | Loss = 1.009710 | Time = 0.09s
[2026-06-06 14:54:38.597] VRAM  : Train Peak VRAM: 2.2939 GB | Train Reserved VRAM: 2.7913 GB
[2026-06-06 14:54:38.598] VRAM  : Validation Peak VRAM: 0.7239 GB | Validation Reserved VRAM: 2.7913 GB
[2026-06-06 14:54:38.630] SAVE  : Checkpoint saved to SAVE/version_5/chkpt/best.pt
[2026-06-06 14:54:47.077] TRAIN : Epoch 13 | Loss = 0.432997 | Time = 8.45s
[2026-06-06 14:54:47.168] VAL   : Epoch 13 | Loss = 1.008866 | Time = 0.09s
[2026-06-06 14:54:47.169] VRAM  : Train Peak VRAM: 2.2939 GB | Train Reserved VRAM: 2.7913 GB
[2026-06-06 14:54:47.169] VRAM  : Validation Peak VRAM: 0.7239 GB | Validation Reserved VRAM: 2.7913 GB
[2026-06-06 14:54:47.202] SAVE  : Checkpoint saved to SAVE/version_5/chkpt/best.pt
[2026-06-06 14:54:55.673] TRAIN : Epoch 14 | Loss = 0.426675 | Time = 8.47s
[2026-06-06 14:54:55.766] VAL   : Epoch 14 | Loss = 1.035055 | Time = 0.09s
[2026-06-06 14:54:55.768] VRAM  : Train Peak VRAM: 2.2939 GB | Train Reserved VRAM: 2.7913 GB
[2026-06-06 14:54:55.768] VRAM  : Validation Peak VRAM: 0.7239 GB | Validation Reserved VRAM: 2.7913 GB
[2026-06-06 14:55:04.210] TRAIN : Epoch 15 | Loss = 0.421011 | Time = 8.44s
[2026-06-06 14:55:04.300] VAL   : Epoch 15 | Loss = 1.018295 | Time = 0.09s
[2026-06-06 14:55:04.301] VRAM  : Train Peak VRAM: 2.2939 GB | Train Reserved VRAM: 2.7913 GB
[2026-06-06 14:55:04.302] VRAM  : Validation Peak VRAM: 0.7239 GB | Validation Reserved VRAM: 2.7913 GB
[2026-06-06 14:55:12.739] TRAIN : Epoch 16 | Loss = 0.417677 | Time = 8.44s
[2026-06-06 14:55:12.830] VAL   : Epoch 16 | Loss = 1.022908 | Time = 0.09s
[2026-06-06 14:55:12.831] VRAM  : Train Peak VRAM: 2.2939 GB | Train Reserved VRAM: 2.7913 GB
[2026-06-06 14:55:12.831] VRAM  : Validation Peak VRAM: 0.7239 GB | Validation Reserved VRAM: 2.7913 GB
[2026-06-06 14:55:21.280] TRAIN : Epoch 17 | Loss = 0.412334 | Time = 8.45s
[2026-06-06 14:55:21.370] VAL   : Epoch 17 | Loss = 1.030986 | Time = 0.09s
[2026-06-06 14:55:21.371] VRAM  : Train Peak VRAM: 2.2939 GB | Train Reserved VRAM: 2.7913 GB
[2026-06-06 14:55:21.371] VRAM  : Validation Peak VRAM: 0.7239 GB | Validation Reserved VRAM: 2.7913 GB
[2026-06-06 14:55:29.847] TRAIN : Epoch 18 | Loss = 0.408384 | Time = 8.47s
[2026-06-06 14:55:29.937] VAL   : Epoch 18 | Loss = 1.010139 | Time = 0.09s
[2026-06-06 14:55:29.938] VRAM  : Train Peak VRAM: 2.2939 GB | Train Reserved VRAM: 2.7913 GB
[2026-06-06 14:55:29.939] VRAM  : Validation Peak VRAM: 0.7239 GB | Validation Reserved VRAM: 2.7913 GB
[2026-06-06 14:55:38.382] TRAIN : Epoch 19 | Loss = 0.404315 | Time = 8.44s
[2026-06-06 14:55:38.472] VAL   : Epoch 19 | Loss = 1.007746 | Time = 0.09s
[2026-06-06 14:55:38.476] VRAM  : Train Peak VRAM: 2.2939 GB | Train Reserved VRAM: 2.7913 GB
[2026-06-06 14:55:38.477] VRAM  : Validation Peak VRAM: 0.7240 GB | Validation Reserved VRAM: 2.7913 GB
[2026-06-06 14:55:38.510] SAVE  : Checkpoint saved to SAVE/version_5/chkpt/best.pt
[2026-06-06 14:55:46.946] TRAIN : Epoch 20 | Loss = 0.400431 | Time = 8.44s
[2026-06-06 14:55:47.035] VAL   : Epoch 20 | Loss = 1.007560 | Time = 0.09s
[2026-06-06 14:55:47.036] VRAM  : Train Peak VRAM: 2.2939 GB | Train Reserved VRAM: 2.7913 GB
[2026-06-06 14:55:47.036] VRAM  : Validation Peak VRAM: 0.7239 GB | Validation Reserved VRAM: 2.7913 GB
[2026-06-06 14:55:47.070] SAVE  : Checkpoint saved to SAVE/version_5/chkpt/best.pt
[2026-06-06 14:55:55.534] TRAIN : Epoch 21 | Loss = 0.394930 | Time = 8.46s
[2026-06-06 14:55:55.624] VAL   : Epoch 21 | Loss = 1.006786 | Time = 0.09s
[2026-06-06 14:55:55.625] VRAM  : Train Peak VRAM: 2.2939 GB | Train Reserved VRAM: 2.7913 GB
[2026-06-06 14:55:55.626] VRAM  : Validation Peak VRAM: 0.7239 GB | Validation Reserved VRAM: 2.7913 GB
[2026-06-06 14:55:55.659] SAVE  : Checkpoint saved to SAVE/version_5/chkpt/best.pt
[2026-06-06 14:56:04.121] TRAIN : Epoch 22 | Loss = 0.391142 | Time = 8.46s
[2026-06-06 14:56:04.211] VAL   : Epoch 22 | Loss = 0.998624 | Time = 0.09s
[2026-06-06 14:56:04.213] VRAM  : Train Peak VRAM: 2.2939 GB | Train Reserved VRAM: 2.7913 GB
[2026-06-06 14:56:04.213] VRAM  : Validation Peak VRAM: 0.7239 GB | Validation Reserved VRAM: 2.7913 GB
[2026-06-06 14:56:04.251] SAVE  : Checkpoint saved to SAVE/version_5/chkpt/best.pt
[2026-06-06 14:56:12.722] TRAIN : Epoch 23 | Loss = 0.387603 | Time = 8.47s
[2026-06-06 14:56:12.812] VAL   : Epoch 23 | Loss = 1.040729 | Time = 0.09s
[2026-06-06 14:56:12.813] VRAM  : Train Peak VRAM: 2.2939 GB | Train Reserved VRAM: 2.7913 GB
[2026-06-06 14:56:12.813] VRAM  : Validation Peak VRAM: 0.7239 GB | Validation Reserved VRAM: 2.7913 GB
[2026-06-06 14:56:21.258] TRAIN : Epoch 24 | Loss = 0.385073 | Time = 8.44s
[2026-06-06 14:56:21.348] VAL   : Epoch 24 | Loss = 1.027511 | Time = 0.09s
[2026-06-06 14:56:21.349] VRAM  : Train Peak VRAM: 2.2939 GB | Train Reserved VRAM: 2.7913 GB
[2026-06-06 14:56:21.349] VRAM  : Validation Peak VRAM: 0.7239 GB | Validation Reserved VRAM: 2.7913 GB
[2026-06-06 14:56:29.869] TRAIN : Epoch 25 | Loss = 0.381047 | Time = 8.52s
[2026-06-06 14:56:29.959] VAL   : Epoch 25 | Loss = 1.021473 | Time = 0.09s
[2026-06-06 14:56:29.961] VRAM  : Train Peak VRAM: 2.2939 GB | Train Reserved VRAM: 2.7913 GB
[2026-06-06 14:56:29.961] VRAM  : Validation Peak VRAM: 0.7239 GB | Validation Reserved VRAM: 2.7913 GB
[2026-06-06 14:56:38.422] TRAIN : Epoch 26 | Loss = 0.378521 | Time = 8.46s
[2026-06-06 14:56:38.517] VAL   : Epoch 26 | Loss = 1.016723 | Time = 0.09s
[2026-06-06 14:56:38.518] VRAM  : Train Peak VRAM: 2.2939 GB | Train Reserved VRAM: 2.7913 GB
[2026-06-06 14:56:38.519] VRAM  : Validation Peak VRAM: 0.7239 GB | Validation Reserved VRAM: 2.7913 GB
[2026-06-06 14:56:46.970] TRAIN : Epoch 27 | Loss = 0.374781 | Time = 8.45s
[2026-06-06 14:56:47.061] VAL   : Epoch 27 | Loss = 1.064997 | Time = 0.09s
[2026-06-06 14:56:47.062] VRAM  : Train Peak VRAM: 2.2939 GB | Train Reserved VRAM: 2.7913 GB
[2026-06-06 14:56:47.063] VRAM  : Validation Peak VRAM: 0.7239 GB | Validation Reserved VRAM: 2.7913 GB
[2026-06-06 14:56:55.492] TRAIN : Epoch 28 | Loss = 0.372604 | Time = 8.43s
[2026-06-06 14:56:55.582] VAL   : Epoch 28 | Loss = 1.023846 | Time = 0.09s
[2026-06-06 14:56:55.583] VRAM  : Train Peak VRAM: 2.2939 GB | Train Reserved VRAM: 2.7913 GB
[2026-06-06 14:56:55.584] VRAM  : Validation Peak VRAM: 0.7239 GB | Validation Reserved VRAM: 2.7913 GB
