[2026-06-06 14:17:46.754] SETUP : ========== CONFIG ==========
[2026-06-06 14:17:46.755] SETUP : [Model Config]
[2026-06-06 14:17:46.755] SETUP :   embedding_dim: 64
[2026-06-06 14:17:46.755] SETUP :   dropout: 0.5
[2026-06-06 14:17:46.756] SETUP : [Training Config]
[2026-06-06 14:17:46.756] SETUP :   dataset_name: YAGO
[2026-06-06 14:17:46.756] SETUP :   batch_size: 1
[2026-06-06 14:17:46.757] SETUP :   max_epochs: 10
[2026-06-06 14:17:46.758] SETUP :   lr: 0.001
[2026-06-06 14:17:46.758] SETUP :   weight_decay: 1e-05
[2026-06-06 14:17:46.758] SETUP :   save_dir: SAVE
[2026-06-06 14:17:46.759] SETUP : [Dataset Config]
[2026-06-06 14:17:46.759] SETUP :   dataset: YAGO
[2026-06-06 14:17:46.759] SETUP :   history_len: 3
[2026-06-06 14:17:46.760] SETUP :   dilate_len: 1
[2026-06-06 14:17:46.760] SETUP :   add_inverse: True
[2026-06-06 14:17:46.761] SETUP : ============================
[2026-06-06 14:17:46.761] SAVE  : Config saved to SAVE/version_1/config.yaml
[2026-06-06 14:17:46.762] INFO  : Number of trainable parameters: 1,362,147
[2026-06-06 14:17:46.762] SETUP : [Efficiency Stats]
[2026-06-06 14:17:46.766] SETUP :   Peak VRAM (single batch): 0.1208 GB
[2026-06-06 14:17:46.812] SETUP :   FLOPs (single forward pass): 9.8840 GFLOPs
[2026-06-06 14:17:46.813] INFO  : Starting training for 10 epochs on device: cuda
[2026-06-06 14:17:49.209] TRAIN : Epoch 1 | Loss = 1.984314 | Time = 2.40s
[2026-06-06 14:17:49.240] VAL   : Epoch 1 | Loss = 1.932648 | Time = 0.03s
[2026-06-06 14:17:49.240] VRAM  : Train Peak VRAM: 2.3083 GB | Train Reserved VRAM: 8.1621 GB
[2026-06-06 14:17:49.241] VRAM  : Validation Peak VRAM: 0.7462 GB | Validation Reserved VRAM: 8.1621 GB
[2026-06-06 14:17:49.258] SAVE  : Checkpoint saved to SAVE/version_1/chkpt/best.pt
[2026-06-06 14:17:51.760] TRAIN : Epoch 2 | Loss = 0.965955 | Time = 2.50s
[2026-06-06 14:17:51.794] VAL   : Epoch 2 | Loss = 1.417229 | Time = 0.03s
[2026-06-06 14:17:51.795] VRAM  : Train Peak VRAM: 2.3083 GB | Train Reserved VRAM: 8.1621 GB
[2026-06-06 14:17:51.795] VRAM  : Validation Peak VRAM: 0.7462 GB | Validation Reserved VRAM: 8.1621 GB
[2026-06-06 14:17:51.814] SAVE  : Checkpoint saved to SAVE/version_1/chkpt/best.pt
[2026-06-06 14:17:54.204] TRAIN : Epoch 3 | Loss = 0.652174 | Time = 2.39s
[2026-06-06 14:17:54.235] VAL   : Epoch 3 | Loss = 1.239395 | Time = 0.03s
[2026-06-06 14:17:54.236] VRAM  : Train Peak VRAM: 2.3083 GB | Train Reserved VRAM: 8.1621 GB
[2026-06-06 14:17:54.236] VRAM  : Validation Peak VRAM: 0.7462 GB | Validation Reserved VRAM: 8.1621 GB
[2026-06-06 14:17:54.257] SAVE  : Checkpoint saved to SAVE/version_1/chkpt/best.pt
[2026-06-06 14:17:56.653] TRAIN : Epoch 4 | Loss = 0.570918 | Time = 2.40s
[2026-06-06 14:17:56.685] VAL   : Epoch 4 | Loss = 1.123647 | Time = 0.03s
[2026-06-06 14:17:56.685] VRAM  : Train Peak VRAM: 2.3083 GB | Train Reserved VRAM: 8.1621 GB
[2026-06-06 14:17:56.686] VRAM  : Validation Peak VRAM: 0.7462 GB | Validation Reserved VRAM: 8.1621 GB
[2026-06-06 14:17:56.704] SAVE  : Checkpoint saved to SAVE/version_1/chkpt/best.pt
[2026-06-06 14:17:59.198] TRAIN : Epoch 5 | Loss = 0.527074 | Time = 2.49s
[2026-06-06 14:17:59.230] VAL   : Epoch 5 | Loss = 1.081157 | Time = 0.03s
[2026-06-06 14:17:59.230] VRAM  : Train Peak VRAM: 2.3083 GB | Train Reserved VRAM: 8.1621 GB
[2026-06-06 14:17:59.231] VRAM  : Validation Peak VRAM: 0.7462 GB | Validation Reserved VRAM: 8.1621 GB
[2026-06-06 14:17:59.253] SAVE  : Checkpoint saved to SAVE/version_1/chkpt/best.pt
[2026-06-06 14:18:01.769] TRAIN : Epoch 6 | Loss = 0.500252 | Time = 2.52s
[2026-06-06 14:18:01.801] VAL   : Epoch 6 | Loss = 1.050619 | Time = 0.03s
[2026-06-06 14:18:01.801] VRAM  : Train Peak VRAM: 2.3083 GB | Train Reserved VRAM: 8.1621 GB
[2026-06-06 14:18:01.802] VRAM  : Validation Peak VRAM: 0.7462 GB | Validation Reserved VRAM: 8.1621 GB
[2026-06-06 14:18:01.825] SAVE  : Checkpoint saved to SAVE/version_1/chkpt/best.pt
[2026-06-06 14:18:04.206] TRAIN : Epoch 7 | Loss = 0.482816 | Time = 2.38s
[2026-06-06 14:18:04.237] VAL   : Epoch 7 | Loss = 1.029916 | Time = 0.03s
[2026-06-06 14:18:04.238] VRAM  : Train Peak VRAM: 2.3083 GB | Train Reserved VRAM: 8.1621 GB
[2026-06-06 14:18:04.238] VRAM  : Validation Peak VRAM: 0.7462 GB | Validation Reserved VRAM: 8.1621 GB
[2026-06-06 14:18:04.260] SAVE  : Checkpoint saved to SAVE/version_1/chkpt/best.pt
[2026-06-06 14:18:06.685] TRAIN : Epoch 8 | Loss = 0.468557 | Time = 2.42s
[2026-06-06 14:18:06.716] VAL   : Epoch 8 | Loss = 1.016800 | Time = 0.03s
[2026-06-06 14:18:06.717] VRAM  : Train Peak VRAM: 2.3083 GB | Train Reserved VRAM: 8.1621 GB
[2026-06-06 14:18:06.718] VRAM  : Validation Peak VRAM: 0.7459 GB | Validation Reserved VRAM: 8.1621 GB
[2026-06-06 14:18:06.736] SAVE  : Checkpoint saved to SAVE/version_1/chkpt/best.pt
[2026-06-06 14:18:09.143] TRAIN : Epoch 9 | Loss = 0.457177 | Time = 2.41s
[2026-06-06 14:18:09.174] VAL   : Epoch 9 | Loss = 1.012132 | Time = 0.03s
[2026-06-06 14:18:09.175] VRAM  : Train Peak VRAM: 2.3083 GB | Train Reserved VRAM: 8.1621 GB
[2026-06-06 14:18:09.175] VRAM  : Validation Peak VRAM: 0.7459 GB | Validation Reserved VRAM: 8.1621 GB
[2026-06-06 14:18:09.193] SAVE  : Checkpoint saved to SAVE/version_1/chkpt/best.pt
[2026-06-06 14:18:11.527] TRAIN : Epoch 10 | Loss = 0.447330 | Time = 2.33s
[2026-06-06 14:18:11.558] VAL   : Epoch 10 | Loss = 1.014401 | Time = 0.03s
[2026-06-06 14:18:11.559] VRAM  : Train Peak VRAM: 2.3083 GB | Train Reserved VRAM: 8.1621 GB
[2026-06-06 14:18:11.559] VRAM  : Validation Peak VRAM: 0.7462 GB | Validation Reserved VRAM: 8.1621 GB
[2026-06-06 14:18:11.576] SAVE  : Checkpoint saved to SAVE/version_1/chkpt/final.pt
[2026-06-06 14:18:11.576] DONE  : Training completed!
[2026-06-06 14:18:11.576] INFO  : Avg Train Loss: 0.705657 | Avg Train Time: 2.42s
[2026-06-06 14:18:11.577] INFO  : Avg Val Loss: 1.191794 | Avg Val Time: 0.03s
[2026-06-06 14:18:15.038] TEST  : Ranking test completed in 3.05s
[2026-06-06 14:18:15.038] TEST  : Entity Filter MRR: 0.627329 | Hits@1: 0.556828 | Hits@3: 0.661767 | Hits@10: 0.757350
[2026-06-06 14:18:15.039] TEST  : Relation Filter MRR: 0.990329 | Hits@1: 0.985491 | Hits@3: 0.992809 | Hits@10: 0.999236
[2026-06-06 14:18:15.040] VRAM  : Test Peak VRAM: 1.5153 GB | Test Reserved VRAM: 8.1621 GB
