2026-05-17 06:31:55,656 - INFO - Model Configuration:
2026-05-17 06:31:55,657 - INFO -   alpha                = 0.2
2026-05-17 06:31:55,657 - INFO -   dropout              = 0.5
2026-05-17 06:31:55,657 - INFO -   embedding_dim        = 200
2026-05-17 06:31:55,657 - INFO -   filtering            = True
2026-05-17 06:31:55,657 - INFO -   lambdax              = 2
2026-05-17 06:31:55,657 - INFO -   oracle_mode          = hard
2026-05-17 06:31:55,657 - INFO - Training Configuration:
2026-05-17 06:31:55,657 - INFO -   batch_size           = 1024
2026-05-17 06:31:55,657 - INFO -   dataset_name         = YAGO
2026-05-17 06:31:55,657 - INFO -   lr                   = 0.001
2026-05-17 06:31:55,657 - INFO -   max_epochs           = 1
2026-05-17 06:31:55,657 - INFO -   oracle_epochs        = 1
2026-05-17 06:31:55,657 - INFO -   oracle_lr            = 0.001
2026-05-17 06:31:55,657 - INFO -   seed                 = 987
2026-05-17 06:31:55,657 - INFO -   use_seed             = True
2026-05-17 06:31:55,657 - INFO -   valid_epochs         = 1
2026-05-17 06:31:55,657 - INFO -   weight_decay         = 1e-05
2026-05-17 06:31:55,657 - INFO - System Configuration:
2026-05-17 06:31:55,657 - INFO -   dataset              = YAGO
2026-05-17 06:31:55,657 - INFO -   gpu_id               = 0
2026-05-17 06:31:55,657 - INFO -   model_dir            = 
2026-05-17 06:31:55,657 - INFO -   only_eva             = False
2026-05-17 06:31:55,657 - INFO -   only_oracle          = False
2026-05-17 06:31:55,657 - INFO -   save_dir             = SAVE
2026-05-17 06:31:55,657 - INFO -   use_cuda             = True
2026-05-17 06:31:55,657 - INFO - 
2026-05-17 06:31:55,657 - INFO - Model Information:
2026-05-17 06:31:55,657 - INFO -   Total Parameters: 5,056,801
2026-05-17 06:31:55,657 - INFO -   Trainable Parameters: 5,056,801
2026-05-17 06:31:55,658 - INFO -   GPU Memory Reserved:  0.02 GB
2026-05-17 06:31:55,658 - INFO -   GPU Memory Allocated: 0.02 GB
2026-05-17 06:31:55,658 - INFO -   GPU Memory Peak:      0.02 GB
2026-05-17 06:31:55,658 - INFO - Epoch 1/1
2026-05-17 06:32:00,046 - INFO - [TRAIN] Epoch 1: Loss = 5.923944 (Time: 4.39s)
2026-05-17 06:32:00,059 - INFO - [VRAM] Peak: 0.15GB | Reserved: 0.21GB
2026-05-17 06:32:00,059 - INFO - [VALIDATION] Epoch 1
2026-05-17 06:32:03,625 - INFO -   [No Oracle Filtering]
2026-05-17 06:32:03,626 - INFO -     Subject test MRR (lk): 0.816529
2026-05-17 06:32:03,626 - INFO -     Subject test MR (lk): 224.699022
2026-05-17 06:32:03,626 - INFO -     Subject test Hits (lk) @ 1: 0.802284
2026-05-17 06:32:03,626 - INFO -     Subject test Hits (lk) @ 3: 0.821185
2026-05-17 06:32:03,626 - INFO -     Subject test Hits (lk) @ 10: 0.842340
2026-05-17 06:32:03,627 - INFO -     Object test MRR (lk): 0.828373
2026-05-17 06:32:03,627 - INFO -     Object test MR (lk): 274.914229
2026-05-17 06:32:03,627 - INFO -     Object test Hits (lk) @ 1: 0.822005
2026-05-17 06:32:03,627 - INFO -     Object test Hits (lk) @ 3: 0.829586
2026-05-17 06:32:03,627 - INFO -     Object test Hits (lk) @ 10: 0.838601
2026-05-17 06:32:03,628 - INFO -     ALL test MRR (lk): 0.822451
2026-05-17 06:32:03,628 - INFO -     ALL test MR (lk): 249.806626
2026-05-17 06:32:03,628 - INFO -     ALL test Hits (lk) @ 1: 0.812145
2026-05-17 06:32:03,628 - INFO -     ALL test Hits (lk) @ 3: 0.825385
2026-05-17 06:32:03,628 - INFO -     ALL test Hits (lk) @ 10: 0.840470
2026-05-17 06:32:03,628 - INFO -   [Ground Truth Oracle]
2026-05-17 06:32:03,628 - INFO -     Subject test MRR (lk): 0.891488
2026-05-17 06:32:03,628 - INFO -     Subject test MR (lk): 213.544896
2026-05-17 06:32:03,628 - INFO -     Subject test Hits (lk) @ 1: 0.888439
2026-05-17 06:32:03,628 - INFO -     Subject test Hits (lk) @ 3: 0.891820
2026-05-17 06:32:03,628 - INFO -     Subject test Hits (lk) @ 10: 0.896532
2026-05-17 06:32:03,629 - INFO -     Object test MRR (lk): 0.886704
2026-05-17 06:32:03,629 - INFO -     Object test MR (lk): 264.687420
2026-05-17 06:32:03,629 - INFO -     Object test Hits (lk) @ 1: 0.885622
2026-05-17 06:32:03,629 - INFO -     Object test Hits (lk) @ 3: 0.886339
2026-05-17 06:32:03,629 - INFO -     Object test Hits (lk) @ 10: 0.888081
2026-05-17 06:32:03,630 - INFO -     ALL test MRR (lk): 0.889096
2026-05-17 06:32:03,630 - INFO -     ALL test MR (lk): 239.116158
2026-05-17 06:32:03,630 - INFO -     ALL test Hits (lk) @ 1: 0.887031
2026-05-17 06:32:03,630 - INFO -     ALL test Hits (lk) @ 3: 0.889080
2026-05-17 06:32:03,630 - INFO -     ALL test Hits (lk) @ 10: 0.892307
2026-05-17 06:32:03,648 - INFO -   Model improved! Best MRR = 0.889096
2026-05-17 06:32:03,648 - INFO - Training completed!
2026-05-17 06:32:03,691 - INFO - [ORACLE TRAINING PHASE]
2026-05-17 06:32:03,692 - INFO - Starting Oracle training...
2026-05-17 06:32:06,941 - INFO - [ORACLE] Epoch 1: Loss = 46.836979 (Time: 3.25s)
2026-05-17 06:32:06,942 - INFO - Oracle training completed!
2026-05-17 06:32:06,977 - INFO - [TEST PHASE]
2026-05-17 06:32:06,977 - INFO - Testing starts...
2026-05-17 06:32:11,201 - INFO - Test Results (Oracle):
2026-05-17 06:32:11,202 - INFO -     Subject test MRR (lk): 0.798683
2026-05-17 06:32:11,202 - INFO -     Subject test MR (lk): 1158.670079
2026-05-17 06:32:11,202 - INFO -     Subject test Hits (lk) @ 1: 0.797413
2026-05-17 06:32:11,202 - INFO -     Subject test Hits (lk) @ 3: 0.798911
2026-05-17 06:32:11,202 - INFO -     Subject test Hits (lk) @ 10: 0.800509
2026-05-17 06:32:11,202 - INFO -     Object test MRR (lk): 0.841875
2026-05-17 06:32:11,203 - INFO -     Object test MR (lk): 793.941776
2026-05-17 06:32:11,203 - INFO -     Object test Hits (lk) @ 1: 0.841656
2026-05-17 06:32:11,203 - INFO -     Object test Hits (lk) @ 3: 0.842005
2026-05-17 06:32:11,203 - INFO -     Object test Hits (lk) @ 10: 0.842005
2026-05-17 06:32:11,203 - INFO -     ALL test MRR (lk): 0.820279
2026-05-17 06:32:11,204 - INFO -     ALL test MR (lk): 976.305927
2026-05-17 06:32:11,204 - INFO -     ALL test Hits (lk) @ 1: 0.819535
2026-05-17 06:32:11,204 - INFO -     ALL test Hits (lk) @ 3: 0.820458
2026-05-17 06:32:11,204 - INFO -     ALL test Hits (lk) @ 10: 0.821257
2026-05-17 06:32:11,204 - INFO - Avg Loss: 3.358639
2026-05-17 06:32:11,204 - INFO - Testing completed! (Time: 4.22s)
