[2026-06-06 14:24:16.961] SETUP : ========== CONFIG ==========
[2026-06-06 14:24:16.961] SETUP : [Model Config]
[2026-06-06 14:24:16.962] SETUP :   embedding_dim: 64
[2026-06-06 14:24:16.962] SETUP :   dropout: 0.5
[2026-06-06 14:24:16.963] SETUP : [Training Config]
[2026-06-06 14:24:16.963] SETUP :   dataset_name: YAGO
[2026-06-06 14:24:16.963] SETUP :   batch_size: 1
[2026-06-06 14:24:16.964] SETUP :   max_epochs: 100
[2026-06-06 14:24:16.964] SETUP :   lr: 0.001
[2026-06-06 14:24:16.965] SETUP :   weight_decay: 1e-05
[2026-06-06 14:24:16.965] SETUP :   save_dir: SAVE
[2026-06-06 14:24:16.965] SETUP :   patience: 10
[2026-06-06 14:24:16.966] SETUP :   min_delta: 0.0001
[2026-06-06 14:24:16.966] SETUP : [Dataset Config]
[2026-06-06 14:24:16.967] SETUP :   dataset: YAGO
[2026-06-06 14:24:16.967] SETUP :   history_len: 3
[2026-06-06 14:24:16.967] SETUP :   dilate_len: 1
[2026-06-06 14:24:16.968] SETUP :   add_inverse: True
[2026-06-06 14:24:16.968] SETUP : ============================
[2026-06-06 14:24:16.968] SAVE  : Config saved to SAVE/version_3/config.yaml
[2026-06-06 14:24:16.969] INFO  : Number of trainable parameters: 1,362,147
[2026-06-06 14:24:16.969] SETUP : [Efficiency Stats]
[2026-06-06 14:24:16.973] SETUP :   Peak VRAM (single batch): 0.0931 GB
[2026-06-06 14:24:17.017] SETUP :   FLOPs (single forward pass): 3.0441 GFLOPs
[2026-06-06 14:24:17.017] INFO  : Starting training for 100 epochs on device: cuda
[2026-06-06 14:24:19.409] TRAIN : Epoch 1 | Loss = 1.945496 | Time = 2.39s
[2026-06-06 14:24:19.440] VAL   : Epoch 1 | Loss = 1.965667 | Time = 0.03s
[2026-06-06 14:24:19.441] VRAM  : Train Peak VRAM: 2.3113 GB | Train Reserved VRAM: 8.1621 GB
[2026-06-06 14:24:19.441] VRAM  : Validation Peak VRAM: 0.7457 GB | Validation Reserved VRAM: 8.1621 GB
[2026-06-06 14:24:19.458] SAVE  : Checkpoint saved to SAVE/version_3/chkpt/best.pt
[2026-06-06 14:24:21.849] TRAIN : Epoch 2 | Loss = 0.904595 | Time = 2.39s
[2026-06-06 14:24:21.880] VAL   : Epoch 2 | Loss = 1.378404 | Time = 0.03s
[2026-06-06 14:24:21.881] VRAM  : Train Peak VRAM: 2.3113 GB | Train Reserved VRAM: 8.1621 GB
[2026-06-06 14:24:21.881] VRAM  : Validation Peak VRAM: 0.7457 GB | Validation Reserved VRAM: 8.1621 GB
[2026-06-06 14:24:21.902] SAVE  : Checkpoint saved to SAVE/version_3/chkpt/best.pt
[2026-06-06 14:24:24.289] TRAIN : Epoch 3 | Loss = 0.608517 | Time = 2.39s
[2026-06-06 14:24:24.320] VAL   : Epoch 3 | Loss = 1.158394 | Time = 0.03s
[2026-06-06 14:24:24.321] VRAM  : Train Peak VRAM: 2.3113 GB | Train Reserved VRAM: 8.1621 GB
[2026-06-06 14:24:24.321] VRAM  : Validation Peak VRAM: 0.7457 GB | Validation Reserved VRAM: 8.1621 GB
[2026-06-06 14:24:24.342] SAVE  : Checkpoint saved to SAVE/version_3/chkpt/best.pt
[2026-06-06 14:24:26.704] TRAIN : Epoch 4 | Loss = 0.537941 | Time = 2.36s
[2026-06-06 14:24:26.735] VAL   : Epoch 4 | Loss = 1.079241 | Time = 0.03s
[2026-06-06 14:24:26.736] VRAM  : Train Peak VRAM: 2.3113 GB | Train Reserved VRAM: 8.1621 GB
[2026-06-06 14:24:26.736] VRAM  : Validation Peak VRAM: 0.7457 GB | Validation Reserved VRAM: 8.1621 GB
[2026-06-06 14:24:26.759] SAVE  : Checkpoint saved to SAVE/version_3/chkpt/best.pt
[2026-06-06 14:24:29.127] TRAIN : Epoch 5 | Loss = 0.504882 | Time = 2.37s
[2026-06-06 14:24:29.158] VAL   : Epoch 5 | Loss = 1.032155 | Time = 0.03s
[2026-06-06 14:24:29.159] VRAM  : Train Peak VRAM: 2.3113 GB | Train Reserved VRAM: 8.1621 GB
[2026-06-06 14:24:29.159] VRAM  : Validation Peak VRAM: 0.7457 GB | Validation Reserved VRAM: 8.1621 GB
[2026-06-06 14:24:29.177] SAVE  : Checkpoint saved to SAVE/version_3/chkpt/best.pt
[2026-06-06 14:24:31.576] TRAIN : Epoch 6 | Loss = 0.484141 | Time = 2.40s
[2026-06-06 14:24:31.607] VAL   : Epoch 6 | Loss = 1.015690 | Time = 0.03s
[2026-06-06 14:24:31.608] VRAM  : Train Peak VRAM: 2.3113 GB | Train Reserved VRAM: 8.1621 GB
[2026-06-06 14:24:31.608] VRAM  : Validation Peak VRAM: 0.7457 GB | Validation Reserved VRAM: 8.1621 GB
[2026-06-06 14:24:31.627] SAVE  : Checkpoint saved to SAVE/version_3/chkpt/best.pt
[2026-06-06 14:24:34.021] TRAIN : Epoch 7 | Loss = 0.468374 | Time = 2.39s
[2026-06-06 14:24:34.053] VAL   : Epoch 7 | Loss = 1.013976 | Time = 0.03s
[2026-06-06 14:24:34.053] VRAM  : Train Peak VRAM: 2.3113 GB | Train Reserved VRAM: 8.1621 GB
[2026-06-06 14:24:34.054] VRAM  : Validation Peak VRAM: 0.7457 GB | Validation Reserved VRAM: 8.1621 GB
[2026-06-06 14:24:34.075] SAVE  : Checkpoint saved to SAVE/version_3/chkpt/best.pt
[2026-06-06 14:24:36.472] TRAIN : Epoch 8 | Loss = 0.456986 | Time = 2.40s
[2026-06-06 14:24:36.504] VAL   : Epoch 8 | Loss = 1.010502 | Time = 0.03s
[2026-06-06 14:24:36.504] VRAM  : Train Peak VRAM: 2.3113 GB | Train Reserved VRAM: 8.1621 GB
[2026-06-06 14:24:36.505] VRAM  : Validation Peak VRAM: 0.7457 GB | Validation Reserved VRAM: 8.1621 GB
[2026-06-06 14:24:36.523] SAVE  : Checkpoint saved to SAVE/version_3/chkpt/best.pt
[2026-06-06 14:24:38.905] TRAIN : Epoch 9 | Loss = 0.447451 | Time = 2.38s
[2026-06-06 14:24:38.936] VAL   : Epoch 9 | Loss = 0.995406 | Time = 0.03s
[2026-06-06 14:24:38.937] VRAM  : Train Peak VRAM: 2.3113 GB | Train Reserved VRAM: 8.1621 GB
[2026-06-06 14:24:38.937] VRAM  : Validation Peak VRAM: 0.7457 GB | Validation Reserved VRAM: 8.1621 GB
[2026-06-06 14:24:38.956] SAVE  : Checkpoint saved to SAVE/version_3/chkpt/best.pt
[2026-06-06 14:24:41.286] TRAIN : Epoch 10 | Loss = 0.438988 | Time = 2.33s
[2026-06-06 14:24:41.317] VAL   : Epoch 10 | Loss = 1.000436 | Time = 0.03s
[2026-06-06 14:24:41.318] VRAM  : Train Peak VRAM: 2.3113 GB | Train Reserved VRAM: 8.1621 GB
[2026-06-06 14:24:41.318] VRAM  : Validation Peak VRAM: 0.7457 GB | Validation Reserved VRAM: 8.1621 GB
[2026-06-06 14:24:43.678] TRAIN : Epoch 11 | Loss = 0.430059 | Time = 2.36s
[2026-06-06 14:24:43.710] VAL   : Epoch 11 | Loss = 1.005919 | Time = 0.03s
[2026-06-06 14:24:43.711] VRAM  : Train Peak VRAM: 2.3113 GB | Train Reserved VRAM: 8.1621 GB
[2026-06-06 14:24:43.711] VRAM  : Validation Peak VRAM: 0.7457 GB | Validation Reserved VRAM: 8.1621 GB
[2026-06-06 14:24:46.107] TRAIN : Epoch 12 | Loss = 0.423240 | Time = 2.40s
[2026-06-06 14:24:46.139] VAL   : Epoch 12 | Loss = 1.000384 | Time = 0.03s
[2026-06-06 14:24:46.140] VRAM  : Train Peak VRAM: 2.3113 GB | Train Reserved VRAM: 8.1621 GB
[2026-06-06 14:24:46.140] VRAM  : Validation Peak VRAM: 0.7457 GB | Validation Reserved VRAM: 8.1621 GB
[2026-06-06 14:24:48.497] TRAIN : Epoch 13 | Loss = 0.416434 | Time = 2.36s
[2026-06-06 14:24:48.528] VAL   : Epoch 13 | Loss = 1.002963 | Time = 0.03s
[2026-06-06 14:24:48.528] VRAM  : Train Peak VRAM: 2.3113 GB | Train Reserved VRAM: 8.1621 GB
[2026-06-06 14:24:48.529] VRAM  : Validation Peak VRAM: 0.7457 GB | Validation Reserved VRAM: 8.1621 GB
[2026-06-06 14:24:50.853] TRAIN : Epoch 14 | Loss = 0.411238 | Time = 2.32s
[2026-06-06 14:24:50.885] VAL   : Epoch 14 | Loss = 1.002211 | Time = 0.03s
[2026-06-06 14:24:50.885] VRAM  : Train Peak VRAM: 2.3113 GB | Train Reserved VRAM: 8.1621 GB
[2026-06-06 14:24:50.886] VRAM  : Validation Peak VRAM: 0.7457 GB | Validation Reserved VRAM: 8.1621 GB
[2026-06-06 14:24:53.238] TRAIN : Epoch 15 | Loss = 0.406759 | Time = 2.35s
[2026-06-06 14:24:53.269] VAL   : Epoch 15 | Loss = 1.010658 | Time = 0.03s
[2026-06-06 14:24:53.270] VRAM  : Train Peak VRAM: 2.3113 GB | Train Reserved VRAM: 8.1621 GB
[2026-06-06 14:24:53.271] VRAM  : Validation Peak VRAM: 0.7457 GB | Validation Reserved VRAM: 8.1621 GB
[2026-06-06 14:24:55.660] TRAIN : Epoch 16 | Loss = 0.400562 | Time = 2.39s
[2026-06-06 14:24:55.691] VAL   : Epoch 16 | Loss = 1.018020 | Time = 0.03s
[2026-06-06 14:24:55.692] VRAM  : Train Peak VRAM: 2.3113 GB | Train Reserved VRAM: 8.1621 GB
[2026-06-06 14:24:55.693] VRAM  : Validation Peak VRAM: 0.7457 GB | Validation Reserved VRAM: 8.1621 GB
[2026-06-06 14:24:58.021] TRAIN : Epoch 17 | Loss = 0.396867 | Time = 2.33s
[2026-06-06 14:24:58.052] VAL   : Epoch 17 | Loss = 1.032486 | Time = 0.03s
[2026-06-06 14:24:58.053] VRAM  : Train Peak VRAM: 2.3113 GB | Train Reserved VRAM: 8.1621 GB
[2026-06-06 14:24:58.053] VRAM  : Validation Peak VRAM: 0.7457 GB | Validation Reserved VRAM: 8.1621 GB
[2026-06-06 14:25:00.372] TRAIN : Epoch 18 | Loss = 0.391923 | Time = 2.32s
[2026-06-06 14:25:00.403] VAL   : Epoch 18 | Loss = 1.044463 | Time = 0.03s
[2026-06-06 14:25:00.404] VRAM  : Train Peak VRAM: 2.3113 GB | Train Reserved VRAM: 8.1621 GB
[2026-06-06 14:25:00.405] VRAM  : Validation Peak VRAM: 0.7457 GB | Validation Reserved VRAM: 8.1621 GB
[2026-06-06 14:25:02.816] TRAIN : Epoch 19 | Loss = 0.388348 | Time = 2.41s
[2026-06-06 14:25:02.847] VAL   : Epoch 19 | Loss = 1.021756 | Time = 0.03s
[2026-06-06 14:25:02.848] VRAM  : Train Peak VRAM: 2.3113 GB | Train Reserved VRAM: 8.1621 GB
[2026-06-06 14:25:02.848] VRAM  : Validation Peak VRAM: 0.7457 GB | Validation Reserved VRAM: 8.1621 GB
[2026-06-06 14:25:02.849] INFO  : Stopped at epoch 19 | Best Val Loss: 0.995406 | No improvement for 10 epochs | Elapsed Time: 45.83s
[2026-06-06 14:25:02.865] SAVE  : Checkpoint saved to SAVE/version_3/chkpt/final.pt
[2026-06-06 14:25:02.866] DONE  : Training completed!
[2026-06-06 14:25:02.866] INFO  : Avg Train Loss: 0.550674 | Avg Train Time: 2.37s
[2026-06-06 14:25:02.866] INFO  : Avg Val Loss: 1.094144 | Avg Val Time: 0.03s
[2026-06-06 14:25:06.332] TEST  : Ranking test completed in 3.04s
[2026-06-06 14:25:06.332] TEST  : Entity Filter MRR: 0.656092 | Hits@1: 0.594311 | Hits@3: 0.689576 | Hits@10: 0.770078
[2026-06-06 14:25:06.333] TEST  : Relation Filter MRR: 0.988726 | Hits@1: 0.983391 | Hits@3: 0.991345 | Hits@10: 0.998600
[2026-06-06 14:25:06.334] VRAM  : Test Peak VRAM: 1.5149 GB | Test Reserved VRAM: 8.1621 GB
